// Jest Snapshot v1, https://goo.gl/fbAQLP

exports[`SimpleButton should render deep correctly 1`] = `
<button
  className="simplebutton"
  disabled={false}
  onClick={[Function]}
  type="button"
>
  Click
</button>
`;
